src/stores/planning.store.ts(154,13): error TS6133: 'duration' is declared but its value is never read.
